[0m[32mCheck[0m supabase/functions/import-ocr-fallback/index.ts
[0m[1mTS2304 [0m[ERROR]: Cannot find name 'candidates'.
            const totalBatches = Math.ceil(candidates.length / BATCH_SIZE);
[0m[31m                                           ~~~~~~~~~~[0m
    at [0m[36mfile:///C:/Users/nican/OneDrive/Documentos/SITE%20PLANILHA/supabase/functions/import-ocr-fallback/index.ts[0m:[0m[33m1223[0m:[0m[33m44[0m

[0m[1mTS2304 [0m[ERROR]: Cannot find name 'BATCH_SIZE'.
            const totalBatches = Math.ceil(candidates.length / BATCH_SIZE);
[0m[31m                                                               ~~~~~~~~~~[0m
    at [0m[36mfile:///C:/Users/nican/OneDrive/Documentos/SITE%20PLANILHA/supabase/functions/import-ocr-fallback/index.ts[0m:[0m[33m1223[0m:[0m[33m64[0m

[0m[1mTS2304 [0m[ERROR]: Cannot find name 'stageBResult'.
            const lastPersistedBatch = stageBResult?.lastBatchIndex ?? -1;
[0m[31m                                       ~~~~~~~~~~~~[0m
    at [0m[36mfile:///C:/Users/nican/OneDrive/Documentos/SITE%20PLANILHA/supabase/functions/import-ocr-fallback/index.ts[0m:[0m[33m1224[0m:[0m[33m40[0m

[0m[1mTS2353 [0m[ERROR]: Object literal may only specify known properties, and 'candidate_id' does not exist in type '{ kind: "synthetic_item" | "analytic_line" | "composition"; description: string; raw_numbers: string[]; evidence: { evidence_lines: { text: string; lineNo?: number | null | undefined; }[]; candidate_id?: string | ... 1 more ... | undefined; }; ... 7 more ...; item_path?: string | ... 1 more ... | undefined; }'.
                candidate_id: c.id,
[0m[31m                ~~~~~~~~~~~~[0m
    at [0m[36mfile:///C:/Users/nican/OneDrive/Documentos/SITE%20PLANILHA/supabase/functions/import-ocr-fallback/stageB_llm.ts[0m:[0m[33m505[0m:[0m[33m17[0m

Found 4 errors.

[0m[1m[31merror[0m: Type checking failed.
